Component: ARM Compiler 5.06 update 1 (build 61) Tool: armlink [4d35a8]

==============================================================================

Section Cross References

    application.o(.text) refers to platform.o(.text) for platform_init
    application.o(.text) refers to thread.o(.text) for rt_thread_create
    startup.o(.text) refers to kservice.o(.text) for rt_kprintf
    startup.o(.text) refers to board.o(.text) for rt_hw_board_init
    startup.o(.text) refers to clock.o(.text) for rt_system_tick_init
    startup.o(.text) refers to object.o(.text) for rt_system_object_init
    startup.o(.text) refers to timer.o(.text) for rt_system_timer_init
    startup.o(.text) refers to mem.o(.text) for rt_system_heap_init
    startup.o(.text) refers to scheduler.o(.text) for rt_system_scheduler_init
    startup.o(.text) refers to application.o(.text) for rt_application_init
    startup.o(.text) refers to shell.o(.text) for finsh_system_init
    startup.o(.text) refers to idle.o(.text) for rt_thread_idle_init
    startup.o(.text) refers to context_rvds.o(.text) for rt_hw_interrupt_disable
    debug_led.o(.text) refers to stm32f4xx_rcc.o(.text) for RCC_AHB1PeriphClockCmd
    debug_led.o(.text) refers to stm32f4xx_gpio.o(.text) for GPIO_Init
    debug_led.o(.text) refers to thread.o(.text) for rt_thread_delay
    debug_led.o(.text) refers to debug_led.o(.bss) for thread_heartbeat_stack
    rosserial_bridge.o(.text) refers to strlen.o(.text) for strlen
    rosserial_bridge.o(.text) refers to rt_memcpy_v6.o(.text) for __aeabi_memcpy
    rosserial_bridge.o(.text) refers to rt_memcpy_w.o(.text) for __aeabi_memcpy4
    rosserial_bridge.o(.text) refers to thread.o(.text) for rt_thread_delay
    rosserial_bridge.o(.text) refers to device.o(.text) for rt_device_find
    rosserial_bridge.o(.text) refers to rosserial_bridge.o(.data) for u_buffer_size
    rosserial_bridge.o(.text) refers to rosserial_bridge.o(.constdata) for .constdata
    rosserial_bridge.o(.text) refers to rs232.o(.data) for g_ros_test_flag
    rosserial_bridge.o(.text) refers to rosserial_bridge.o(.bss) for thread_rosserial_bridge_stack
    rosserial_bridge.o(.constdata) refers to rosserial_bridge.o(.conststring) for .conststring
    ros_node_test.o(.text) refers to thread.o(.text) for rt_thread_delay
    ros_node_test.o(.text) refers to ros_node_test.o(.bss) for thread_ros_node_test_stack
    board.o(.text) refers to misc.o(.text) for NVIC_SetVectorTable
    board.o(.text) refers to stm32f4xx_rcc.o(.text) for RCC_GetClocksFreq
    board.o(.text) refers to irq.o(.text) for rt_interrupt_enter
    board.o(.text) refers to clock.o(.text) for rt_tick_increase
    board.o(.text) refers to usart.o(.text) for stm32_hw_usart_init
    board.o(.text) refers to kservice.o(.text) for rt_console_set_device
    usart.o(.text) refers to kservice.o(.text) for rt_assert_handler
    usart.o(.text) refers to stm32f4xx_usart.o(.text) for USART_Init
    usart.o(.text) refers to irq.o(.text) for rt_interrupt_enter
    usart.o(.text) refers to serial.o(.text) for rt_hw_serial_isr
    usart.o(.text) refers to stm32f4xx_rcc.o(.text) for RCC_AHB1PeriphClockCmd
    usart.o(.text) refers to stm32f4xx_gpio.o(.text) for GPIO_Init
    usart.o(.text) refers to misc.o(.text) for NVIC_Init
    usart.o(.text) refers to usart.o(.constdata) for __FUNCTION__
    usart.o(.text) refers to usart.o(.data) for uart1
    usart.o(.text) refers to usart.o(.bss) for serial1
    usart.o(.constdata) refers to usart.o(.text) for stm32_configure
    stm32f4_gpio_drv.o(.text) refers to kservice.o(.text) for rt_assert_handler
    stm32f4_gpio_drv.o(.text) refers to stm32f4xx_rcc.o(.text) for RCC_AHB1PeriphClockCmd
    stm32f4_gpio_drv.o(.text) refers to stm32f4xx_gpio.o(.text) for GPIO_Init
    stm32f4_gpio_drv.o(.text) refers to h1_alloc.o(.text) for malloc
    stm32f4_gpio_drv.o(.text) refers to stm32f4_gpio_drv.o(.constdata) for __FUNCTION__
    stm32f4_gpio_drv.o(.text) refers to stm32f4_gpio_drv.o(.data) for GPIO_PORT
    stm32f4_timer_drv.o(.text) refers to kservice.o(.text) for rt_assert_handler
    stm32f4_timer_drv.o(.text) refers to stm32f4xx_rcc.o(.text) for RCC_APB2PeriphClockCmd
    stm32f4_timer_drv.o(.text) refers to stm32f4xx_tim.o(.text) for TIM_TimeBaseInit
    stm32f4_timer_drv.o(.text) refers to h1_alloc.o(.text) for malloc
    stm32f4_timer_drv.o(.text) refers to stm32f4_timer_drv.o(.constdata) for __FUNCTION__
    stm32f4_timer_drv.o(.text) refers to system_stm32f4xx.o(.data) for SystemCoreClock
    stm32f4_timer_drv.o(.text) refers to stm32f4_timer_drv.o(.data) for Clk_Div
    core_test.o(.text) refers to stm32f4_gpio_drv.o(.text) for GPIO_Pin_Setup
    core_test.o(.text) refers to thread.o(.text) for rt_thread_delay
    core_test.o(.text) refers to core_test.o(.bss) for thread_core_test_stack
    platform.o(.text) refers to rs232.o(.text) for cmb_hw_rs232_init
[...]
    TIM_PrescalerConfig                      0x080031b1   Thumb Code   128  stm32f4xx_tim.o(.text)
    TIM_CounterModeConfig                    0x08003231   Thumb Code   100  stm32f4xx_tim.o(.text)
    TIM_SetCounter                           0x08003295   Thumb Code   222  stm32f4xx_tim.o(.text)
    TIM_SetAutoreload                        0x08003373   Thumb Code   108  stm32f4xx_tim.o(.text)
    TIM_GetCounter                           0x080033df   Thumb Code   106  stm32f4xx_tim.o(.text)
    TIM_GetPrescaler                         0x08003449   Thumb Code   106  stm32f4xx_tim.o(.text)
    TIM_UpdateDisableConfig                  0x080034b3   Thumb Code   148  stm32f4xx_tim.o(.text)
    TIM_UpdateRequestConfig                  0x08003547   Thumb Code   148  stm32f4xx_tim.o(.text)
    TIM_ARRPreloadConfig                     0x080035db   Thumb Code   148  stm32f4xx_tim.o(.text)
    TIM_SelectOnePulseMode                   0x0800366f   Thumb Code   142  stm32f4xx_tim.o(.text)
    TIM_SetClockDivision                     0x080036fd   Thumb Code   192  stm32f4xx_tim.o(.text)
    TIM_Cmd                                  0x080037bd   Thumb Code   148  stm32f4xx_tim.o(.text)
    TIM_OC1Init                              0x08003851   Thumb Code   416  stm32f4xx_tim.o(.text)
    TIM_OC2Init                              0x080039f1   Thumb Code   486  stm32f4xx_tim.o(.text)
    TIM_OC3Init                              0x08003bd7   Thumb Code   416  stm32f4xx_tim.o(.text)
    TIM_OC4Init                              0x08003d77   Thumb Code   300  stm32f4xx_tim.o(.text)
    TIM_OCStructInit                         0x08003ea3   Thumb Code    20  stm32f4xx_tim.o(.text)
    TIM_SelectOCxM                           0x08003eb7   Thumb Code   256  stm32f4xx_tim.o(.text)
    TIM_SetCompare1                          0x08003fb7   Thumb Code   142  stm32f4xx_tim.o(.text)
    TIM_SetCompare2                          0x08004045   Thumb Code    72  stm32f4xx_tim.o(.text)
    TIM_SetCompare3                          0x0800408d   Thumb Code    60  stm32f4xx_tim.o(.text)
    TIM_SetCompare4                          0x080040c9   Thumb Code    60  stm32f4xx_tim.o(.text)
    TIM_ForcedOC1Config                      0x08004105   Thumb Code   130  stm32f4xx_tim.o(.text)
    TIM_ForcedOC2Config                      0x08004187   Thumb Code   114  stm32f4xx_tim.o(.text)
    TIM_ForcedOC3Config                      0x080041f9   Thumb Code    94  stm32f4xx_tim.o(.text)
    TIM_ForcedOC4Config                      0x08004257   Thumb Code   102  stm32f4xx_tim.o(.text)
    TIM_OC1PreloadConfig                     0x080042bd   Thumb Code   124  stm32f4xx_tim.o(.text)
    TIM_OC2PreloadConfig                     0x08004339   Thumb Code   108  stm32f4xx_tim.o(.text)
    TIM_OC3PreloadConfig                     0x080043a5   Thumb Code   136  stm32f4xx_tim.o(.text)
    TIM_OC4PreloadConfig                     0x0800442d   Thumb Code    96  stm32f4xx_tim.o(.text)
    TIM_OC1FastConfig                        0x0800448d   Thumb Code   124  stm32f4xx_tim.o(.text)
    TIM_OC2FastConfig                        0x08004509   Thumb Code   108  stm32f4xx_tim.o(.text)
    TIM_OC3FastConfig                        0x08004575   Thumb Code    88  stm32f4xx_tim.o(.text)
    TIM_OC4FastConfig                        0x080045cd   Thumb Code    96  stm32f4xx_tim.o(.text)
    TIM_ClearOC1Ref                          0x0800462d   Thumb Code   124  stm32f4xx_tim.o(.text)
    TIM_ClearOC2Ref                          0x080046a9   Thumb Code   106  stm32f4xx_tim.o(.text)
    TIM_ClearOC3Ref                          0x08004713   Thumb Code    88  stm32f4xx_tim.o(.text)
    TIM_ClearOC4Ref                          0x0800476b   Thumb Code    94  stm32f4xx_tim.o(.text)
    TIM_OC1PolarityConfig                    0x080047c9   Thumb Code   174  stm32f4xx_tim.o(.text)
    TIM_OC1NPolarityConfig                   0x08004877   Thumb Code    64  stm32f4xx_tim.o(.text)
    TIM_OC2PolarityConfig                    0x080048b7   Thumb Code   108  stm32f4xx_tim.o(.text)
    TIM_OC2NPolarityConfig                   0x08004923   Thumb Code    72  stm32f4xx_tim.o(.text)
    TIM_OC3PolarityConfig                    0x0800496b   Thumb Code    96  stm32f4xx_tim.o(.text)
    TIM_OC3NPolarityConfig                   0x080049cb   Thumb Code    72  stm32f4xx_tim.o(.text)
    TIM_OC4PolarityConfig                    0x08004a13   Thumb Code    96  stm32f4xx_tim.o(.text)
    TIM_CCxCmd                               0x08004a73   Thumb Code   168  stm32f4xx_tim.o(.text)
    TIM_CCxNCmd                              0x08004b1b   Thumb Code   104  stm32f4xx_tim.o(.text)
    TIM_SetIC4Prescaler                      0x08004b83   Thumb Code   106  stm32f4xx_tim.o(.text)
    TIM_SetIC3Prescaler                      0x08004c6d   Thumb Code    98  stm32f4xx_tim.o(.text)
    TIM_SetIC2Prescaler                      0x08004d17   Thumb Code   118  stm32f4xx_tim.o(.text)
    TIM_SetIC1Prescaler                      0x08004ddd   Thumb Code   134  stm32f4xx_tim.o(.text)
    TIM_ICInit                               0x08004e9d   Thumb Code   508  stm32f4xx_tim.o(.text)
    TIM_ICStructInit                         0x08005099   Thumb Code    18  stm32f4xx_tim.o(.text)
    TIM_PWMIConfig                           0x080050ab   Thumb Code   184  stm32f4xx_tim.o(.text)
    TIM_GetCapture1                          0x08005163   Thumb Code    92  stm32f4xx_tim.o(.text)
    TIM_GetCapture2                          0x080051bf   Thumb Code    68  stm32f4xx_tim.o(.text)
    TIM_GetCapture3                          0x08005203   Thumb Code    56  stm32f4xx_tim.o(.text)
    TIM_GetCapture4                          0x0800523b   Thumb Code    56  stm32f4xx_tim.o(.text)
    TIM_BDTRConfig                           0x08005273   Thumb Code   222  stm32f4xx_tim.o(.text)
    TIM_BDTRStructInit                       0x08005351   Thumb Code    18  stm32f4xx_tim.o(.text)
    TIM_CtrlPWMOutputs                       0x08005363   Thumb Code    78  stm32f4xx_tim.o(.text)
    TIM_SelectCOM                            0x080053b1   Thumb Code    72  stm32f4xx_tim.o(.text)
    TIM_CCPreloadControl                     0x080053f9   Thumb Code    72  stm32f4xx_tim.o(.text)
    TIM_ITConfig                             0x08005441   Thumb Code   218  stm32f4xx_tim.o(.text)
    TIM_GenerateEvent                        0x0800551b   Thumb Code   126  stm32f4xx_tim.o(.text)
    TIM_GetFlagStatus                        0x08005599   Thumb Code   188  stm32f4xx_tim.o(.text)
    TIM_ClearFlag                            0x08005655   Thumb Code   108  stm32f4xx_tim.o(.text)
    TIM_GetITStatus                          0x080056c1   Thumb Code   186  stm32f4xx_tim.o(.text)
    TIM_ClearITPendingBit                    0x0800577b   Thumb Code   108  stm32f4xx_tim.o(.text)
    TIM_DMAConfig                            0x080057e7   Thumb Code   334  stm32f4xx_tim.o(.text)
    TIM_DMACmd                               0x08005935   Thumb Code   126  stm32f4xx_tim.o(.text)
    TIM_SelectCCDMA                          0x080059b3   Thumb Code    96  stm32f4xx_tim.o(.text)
    TIM_InternalClockConfig                  0x08005a13   Thumb Code    76  stm32f4xx_tim.o(.text)
    TIM_SelectInputTrigger                   0x08005a5f   Thumb Code   148  stm32f4xx_tim.o(.text)
    TIM_ITRxExternalClockConfig              0x08005af3   Thumb Code   110  stm32f4xx_tim.o(.text)
    TIM_TIxExternalClockConfig               0x08005b61   Thumb Code   184  stm32f4xx_tim.o(.text)
    TIM_ETRConfig                            0x08005c19   Thumb Code   164  stm32f4xx_tim.o(.text)
    TIM_ETRClockMode1Config                  0x08005cbd   Thumb Code   228  stm32f4xx_tim.o(.text)
    TIM_ETRClockMode2Config                  0x08005da1   Thumb Code   152  stm32f4xx_tim.o(.text)
    TIM_SelectOutputTrigger                  0x08005e39   Thumb Code   126  stm32f4xx_tim.o(.text)
    TIM_SelectSlaveMode                      0x08005eb7   Thumb Code   112  stm32f4xx_tim.o(.text)
    TIM_SelectMasterSlaveMode                0x08005f27   Thumb Code   102  stm32f4xx_tim.o(.text)
    TIM_EncoderInterfaceConfig               0x08005f8d   Thumb Code   226  stm32f4xx_tim.o(.text)
    TIM_SelectHallSensor                     0x0800606f   Thumb Code   108  stm32f4xx_tim.o(.text)
    TIM_RemapConfig                          0x080060db   Thumb Code   138  stm32f4xx_tim.o(.text)
    USART_DeInit                             0x08006165   Thumb Code   202  stm32f4xx_usart.o(.text)
    USART_Init                               0x0800622f   Thumb Code   456  stm32f4xx_usart.o(.text)
    USART_StructInit                         0x080063f7   Thumb Code    24  stm32f4xx_usart.o(.text)
    USART_ClockInit                          0x0800640f   Thumb Code   166  stm32f4xx_usart.o(.text)
    USART_ClockStructInit                    0x080064b5   Thumb Code    12  stm32f4xx_usart.o(.text)
    USART_Cmd                                0x080064c1   Thumb Code    96  stm32f4xx_usart.o(.text)
    USART_SetPrescaler                       0x08006521   Thumb Code   160  stm32f4xx_usart.o(.text)
    USART_OverSampling8Cmd                   0x080065c1   Thumb Code    98  stm32f4xx_usart.o(.text)
    USART_OneBitMethodCmd                    0x08006623   Thumb Code   100  stm32f4xx_usart.o(.text)
    USART_SendData                           0x08006687   Thumb Code    84  stm32f4xx_usart.o(.text)
    USART_ReceiveData                        0x080066db   Thumb Code    62  stm32f4xx_usart.o(.text)
    USART_SetAddress                         0x08006719   Thumb Code    92  stm32f4xx_usart.o(.text)
    USART_ReceiverWakeUpCmd                  0x08006775   Thumb Code   100  stm32f4xx_usart.o(.text)
    USART_WakeUpConfig                       0x080067d9   Thumb Code    96  stm32f4xx_usart.o(.text)
    USART_LINBreakDetectLengthConfig         0x08006839   Thumb Code    94  stm32f4xx_usart.o(.text)
    USART_LINCmd                             0x08006897   Thumb Code   100  stm32f4xx_usart.o(.text)
    USART_SendBreak                          0x080068fb   Thumb Code    64  stm32f4xx_usart.o(.text)
    USART_HalfDuplexCmd                      0x0800693b   Thumb Code   100  stm32f4xx_usart.o(.text)
    USART_SetGuardTime                       0x0800699f   Thumb Code    86  stm32f4xx_usart.o(.text)
    USART_SmartCardCmd                       0x080069f5   Thumb Code    88  stm32f4xx_usart.o(.text)
    USART_SmartCardNACKCmd                   0x08006a4d   Thumb Code    88  stm32f4xx_usart.o(.text)
    USART_IrDAConfig                         0x08006aa5   Thumb Code    94  stm32f4xx_usart.o(.text)
    USART_IrDACmd                            0x08006b03   Thumb Code   100  stm32f4xx_usart.o(.text)
    USART_DMACmd                             0x08006b67   Thumb Code   120  stm32f4xx_usart.o(.text)
    USART_ITConfig                           0x08006bdf   Thumb Code   268  stm32f4xx_usart.o(.text)
    USART_GetFlagStatus                      0x08006ceb   Thumb Code   176  stm32f4xx_usart.o(.text)
    USART_ClearFlag                          0x08006d9b   Thumb Code   160  stm32f4xx_usart.o(.text)
    USART_GetITStatus                        0x08006e3b   Thumb Code   284  stm32f4xx_usart.o(.text)
    USART_ClearITPendingBit                  0x08006f57   Thumb Code   170  stm32f4xx_usart.o(.text)
    Reset_Handler                            0x08007019   Thumb Code     8  startup_stm32f4xx.o(.text)
    DebugMon_Handler                         0x0800702d   Thumb Code     2  startup_stm32f4xx.o(.text)
    ADC_IRQHandler                           0x08007033   Thumb Code     0  startup_stm32f4xx.o(.text)
    CAN1_RX0_IRQHandler                      0x08007033   Thumb Code     0  startup_stm32f4xx.o(.text)
    CAN1_RX1_IRQHandler                      0x08007033   Thumb Code     0  startup_stm32f4xx.o(.text)
    CAN1_SCE_IRQHandler                      0x08007033   Thumb Code     0  startup_stm32f4xx.o(.text)
    CAN1_TX_IRQHandler                       0x08007033   Thumb Code     0  startup_stm32f4xx.o(.text)
    CAN2_RX0_IRQHandler                      0x08007033   Thumb Code     0  startup_stm32f4xx.o(.text)
    CAN2_RX1_IRQHandler                      0x08007033   Thumb Code     0  startup_stm32f4xx.o(.text)
    CAN2_SCE_IRQHandler                      0x08007033   Thumb Code     0  startup_stm32f4xx.o(.text)
    CAN2_TX_IRQHandler                       0x08007033   Thumb Code     0  startup_stm32f4xx.o(.text)
    CRYP_IRQHandler                          0x08007033   Thumb Code     0  startup_stm32f4xx.o(.text)
    DCMI_IRQHandler                          0x08007033   Thumb Code     0  startup_stm32f4xx.o(.text)
    DMA1_Stream0_IRQHandler                  0x08007033   Thumb Code     0  startup_stm32f4xx.o(.text)
    DMA1_Stream1_IRQHandler                  0x08007033   Thumb Code     0  startup_stm32f4xx.o(.text)
    DMA1_Stream2_IRQHandler                  0x08007033   Thumb Code     0  startup_stm32f4xx.o(.text)
    DMA1_Stream3_IRQHandler                  0x08007033   Thumb Code     0  startup_stm32f4xx.o(.text)
    DMA1_Stream4_IRQHandler                  0x08007033   Thumb Code     0  startup_stm32f4xx.o(.text)
    DMA1_Stream5_IRQHandler                  0x08007033   Thumb Code     0  startup_stm32f4xx.o(.text)
    DMA1_Stream6_IRQHandler                  0x08007033   Thumb Code     0  startup_stm32f4xx.o(.text)
    DMA1_Stream7_IRQHandler                  0x08007033   Thumb Code     0  startup_stm32f4xx.o(.text)
    DMA2_Stream0_IRQHandler                  0x08007033   Thumb Code     0  startup_stm32f4xx.o(.text)
    DMA2_Stream1_IRQHandler                  0x08007033   Thumb Code     0  startup_stm32f4xx.o(.text)
    DMA2_Stream2_IRQHandler                  0x08007033   Thumb Code     0  startup_stm32f4xx.o(.text)
    DMA2_Stream3_IRQHandler                  0x08007033   Thumb Code     0  startup_stm32f4xx.o(.text)
    DMA2_Stream4_IRQHandler                  0x08007033   Thumb Code     0  startup_stm32f4xx.o(.text)
    DMA2_Stream5_IRQHandler                  0x08007033   Thumb Code     0  startup_stm32f4xx.o(.text)
    DMA2_Stream6_IRQHandler                  0x08007033   Thumb Code     0  startup_stm32f4xx.o(.text)
    DMA2_Stream7_IRQHandler                  0x08007033   Thumb Code     0  startup_stm32f4xx.o(.text)
    ETH_IRQHandler                           0x08007033   Thumb Code     0  startup_stm32f4xx.o(.text)
    ETH_WKUP_IRQHandler                      0x08007033   Thumb Code     0  startup_stm32f4xx.o(.text)
    EXTI0_IRQHandler                         0x08007033   Thumb Code     0  startup_stm32f4xx.o(.text)
    EXTI15_10_IRQHandler                     0x08007033   Thumb Code     0  startup_stm32f4xx.o(.text)
    EXTI1_IRQHandler                         0x08007033   Thumb Code     0  startup_stm32f4xx.o(.text)
    EXTI2_IRQHandler                         0x08007033   Thumb Code     0  startup_stm32f4xx.o(.text)
    EXTI3_IRQHandler                         0x08007033   Thumb Code     0  startup_stm32f4xx.o(.text)
    EXTI4_IRQHandler                         0x08007033   Thumb Code     0  startup_stm32f4xx.o(.text)
    EXTI9_5_IRQHandler                       0x08007033   Thumb Code     0  startup_stm32f4xx.o(.text)
    FLASH_IRQHandler                         0x08007033   Thumb Code     0  startup_stm32f4xx.o(.text)
    FPU_IRQHandler                           0x08007033   Thumb Code     0  startup_stm32f4xx.o(.text)
    FSMC_IRQHandler                          0x08007033   Thumb Code     0  startup_stm32f4xx.o(.text)
    HASH_RNG_IRQHandler                      0x08007033   Thumb Code     0  startup_stm32f4xx.o(.text)
    I2C1_ER_IRQHandler                       0x08007033   Thumb Code     0  startup_stm32f4xx.o(.text)
    I2C1_EV_IRQHandler                       0x08007033   Thumb Code     0  startup_stm32f4xx.o(.text)
    I2C2_ER_IRQHandler                       0x08007033   Thumb Code     0  startup_stm32f4xx.o(.text)
    I2C2_EV_IRQHandler                       0x08007033   Thumb Code     0  startup_stm32f4xx.o(.text)
    I2C3_ER_IRQHandler                       0x08007033   Thumb Code     0  startup_stm32f4xx.o(.text)
    I2C3_EV_IRQHandler                       0x08007033   Thumb Code     0  startup_stm32f4xx.o(.text)
    OTG_FS_IRQHandler                        0x08007033   Thumb Code     0  startup_stm32f4xx.o(.text)
    OTG_FS_WKUP_IRQHandler                   0x08007033   Thumb Code     0  startup_stm32f4xx.o(.text)
    OTG_HS_EP1_IN_IRQHandler                 0x08007033   Thumb Code     0  startup_stm32f4xx.o(.text)
    OTG_HS_EP1_OUT_IRQHandler                0x08007033   Thumb Code     0  startup_stm32f4xx.o(.text)
    OTG_HS_IRQHandler                        0x08007033   Thumb Code     0  startup_stm32f4xx.o(.text)
    OTG_HS_WKUP_IRQHandler                   0x08007033   Thumb Code     0  startup_stm32f4xx.o(.text)
    PVD_IRQHandler                           0x08007033   Thumb Code     0  startup_stm32f4xx.o(.text)
    RCC_IRQHandler                           0x08007033   Thumb Code     0  startup_stm32f4xx.o(.text)
    RTC_Alarm_IRQHandler                     0x08007033   Thumb Code     0  startup_stm32f4xx.o(.text)
    RTC_WKUP_IRQHandler                      0x08007033   Thumb Code     0  startup_stm32f4xx.o(.text)
    SDIO_IRQHandler                          0x08007033   Thumb Code     0  startup_stm32f4xx.o(.text)
    SPI1_IRQHandler                          0x08007033   Thumb Code     0  startup_stm32f4xx.o(.text)
    SPI2_IRQHandler                          0x08007033   Thumb Code     0  startup_stm32f4xx.o(.text)
    SPI3_IRQHandler                          0x08007033   Thumb Code     0  startup_stm32f4xx.o(.text)
    TAMP_STAMP_IRQHandler                    0x08007033   Thumb Code     0  startup_stm32f4xx.o(.text)
    TIM1_BRK_TIM9_IRQHandler                 0x08007033   Thumb Code     0  startup_stm32f4xx.o(.text)
    TIM1_CC_IRQHandler                       0x08007033   Thumb Code     0  startup_stm32f4xx.o(.text)
    TIM1_TRG_COM_TIM11_IRQHandler            0x08007033   Thumb Code     0  startup_stm32f4xx.o(.text)
    TIM1_UP_TIM10_IRQHandler                 0x08007033   Thumb Code     0  startup_stm32f4xx.o(.text)
    TIM2_IRQHandler                          0x08007033   Thumb Code     0  startup_stm32f4xx.o(.text)
    TIM3_IRQHandler                          0x08007033   Thumb Code     0  startup_stm32f4xx.o(.text)
    TIM4_IRQHandler                          0x08007033   Thumb Code     0  startup_stm32f4xx.o(.text)
    TIM5_IRQHandler                          0x08007033   Thumb Code     0  startup_stm32f4xx.o(.text)
    TIM6_DAC_IRQHandler                      0x08007033   Thumb Code     0  startup_stm32f4xx.o(.text)
    TIM7_IRQHandler                          0x08007033   Thumb Code     0  startup_stm32f4xx.o(.text)
    TIM8_BRK_TIM12_IRQHandler                0x08007033   Thumb Code     0  startup_stm32f4xx.o(.text)
    TIM8_CC_IRQHandler                       0x08007033   Thumb Code     0  startup_stm32f4xx.o(.text)
    TIM8_TRG_COM_TIM14_IRQHandler            0x08007033   Thumb Code     0  startup_stm32f4xx.o(.text)
    TIM8_UP_TIM13_IRQHandler                 0x08007033   Thumb Code     0  startup_stm32f4xx.o(.text)
    UART4_IRQHandler                         0x08007033   Thumb Code     0  startup_stm32f4xx.o(.text)
    UART5_IRQHandler                         0x08007033   Thumb Code     0  startup_stm32f4xx.o(.text)
    USART2_IRQHandler                        0x08007033   Thumb Code     0  startup_stm32f4xx.o(.text)
    USART6_IRQHandler                        0x08007033   Thumb Code     0  startup_stm32f4xx.o(.text)
    WWDG_IRQHandler                          0x08007033   Thumb Code     0  startup_stm32f4xx.o(.text)
    __user_initial_stackheap                 0x08007035   Thumb Code     0  startup_stm32f4xx.o(.text)
    rt_system_tick_init                      0x08007059   Thumb Code     2  clock.o(.text)
    rt_tick_get                              0x0800705b   Thumb Code     6  clock.o(.text)
    rt_tick_set                              0x08007061   Thumb Code    22  clock.o(.text)
    rt_tick_increase                         0x08007077   Thumb Code    42  clock.o(.text)
    rt_tick_from_millisecond                 0x080070a1   Thumb Code    22  clock.o(.text)
    rt_device_find                           0x080070bd   Thumb Code    76  device.o(.text)
    rt_device_register                       0x08007109   Thumb Code    50  device.o(.text)
    rt_device_unregister                     0x0800713b   Thumb Code    26  device.o(.text)
    rt_device_init_all                       0x08007155   Thumb Code     4  device.o(.text)
    rt_device_init                           0x08007159   Thumb Code    64  device.o(.text)
    rt_device_open                           0x08007199   Thumb Code   136  device.o(.text)
    rt_device_close                          0x08007221   Thumb Code    68  device.o(.text)
    rt_device_read                           0x08007265   Thumb Code    76  device.o(.text)
    rt_device_write                          0x080072b1   Thumb Code    76  device.o(.text)
    rt_device_control                        0x080072fd   Thumb Code    42  device.o(.text)
    rt_device_set_rx_indicate                0x08007327   Thumb Code    26  device.o(.text)
    rt_device_set_tx_complete                0x08007341   Thumb Code    26  device.o(.text)
    rt_thread_idle_sethook                   0x080073e1   Thumb Code     6  idle.o(.text)
    rt_thread_idle_excute                    0x080073e7   Thumb Code   154  idle.o(.text)
    rt_thread_idle_init                      0x08007495   Thumb Code    38  idle.o(.text)
    rt_sem_init                              0x080075c1   Thumb Code    50  ipc.o(.text)
    rt_sem_detach                            0x080075f3   Thumb Code    34  ipc.o(.text)
    rt_sem_create                            0x08007615   Thumb Code    84  ipc.o(.text)
    rt_sem_delete                            0x08007669   Thumb Code    78  ipc.o(.text)
    rt_sem_take                              0x080076b7   Thumb Code   266  ipc.o(.text)
    rt_sem_trytake                           0x080077c1   Thumb Code    14  ipc.o(.text)
    rt_sem_release                           0x080077cf   Thumb Code    80  ipc.o(.text)
    rt_sem_control                           0x0800781f   Thumb Code    68  ipc.o(.text)
    rt_mutex_init                            0x08007863   Thumb Code    58  ipc.o(.text)
    rt_mutex_detach                          0x0800789d   Thumb Code    36  ipc.o(.text)
    rt_mutex_create                          0x080078c1   Thumb Code    96  ipc.o(.text)
    rt_mutex_delete                          0x08007921   Thumb Code    78  ipc.o(.text)
    rt_mutex_take                            0x0800796f   Thumb Code   524  ipc.o(.text)
    rt_mutex_release                         0x08007b7b   Thumb Code   272  ipc.o(.text)
    rt_mutex_control                         0x08007c8b   Thumb Code     8  ipc.o(.text)
    rt_event_init                            0x08007c93   Thumb Code    46  ipc.o(.text)
    rt_event_detach                          0x08007cc1   Thumb Code    36  ipc.o(.text)
    rt_event_create                          0x08007ce5   Thumb Code    88  ipc.o(.text)
    rt_event_delete                          0x08007d3d   Thumb Code    82  ipc.o(.text)
    rt_event_send                            0x08007d8f   Thumb Code   210  ipc.o(.text)
    rt_event_recv                            0x08007e61   Thumb Code   448  ipc.o(.text)
    rt_event_control                         0x08008021   Thumb Code    70  ipc.o(.text)
    rt_mb_init                               0x08008067   Thumb Code    76  ipc.o(.text)
    rt_mb_detach                             0x080080b3   Thumb Code    44  ipc.o(.text)
    rt_mb_create                             0x080080df   Thumb Code   128  ipc.o(.text)
    rt_mb_delete                             0x0800815f   Thumb Code    96  ipc.o(.text)
    rt_mb_send_wait                          0x080081bf   Thumb Code   436  ipc.o(.text)
    rt_mb_send                               0x08008373   Thumb Code    18  ipc.o(.text)
    rt_mb_recv                               0x08008385   Thumb Code   412  ipc.o(.text)
    rt_mb_control                            0x08008521   Thumb Code    82  ipc.o(.text)
    rt_mq_init                               0x08008573   Thumb Code   118  ipc.o(.text)
    rt_mq_detach                             0x080085e9   Thumb Code    36  ipc.o(.text)
    rt_mq_delete                             0x0800860d   Thumb Code    88  ipc.o(.text)
    rt_mq_create                             0x08008665   Thumb Code   174  ipc.o(.text)
    rt_mq_send                               0x08008713   Thumb Code   290  ipc.o(.text)
    rt_mq_urgent                             0x08008835   Thumb Code   198  ipc.o(.text)
    rt_mq_recv                               0x080088fb   Thumb Code   438  ipc.o(.text)
    rt_mq_control                            0x08008ab1   Thumb Code    98  ipc.o(.text)
    rt_interrupt_enter                       0x08008b69   Thumb Code    30  irq.o(.text)
    rt_interrupt_leave                       0x08008b87   Thumb Code    30  irq.o(.text)
    rt_interrupt_get_nest                    0x08008ba5   Thumb Code     6  irq.o(.text)
    rt_get_errno                             0x08008bb1   Thumb Code    32  kservice.o(.text)
    rt_set_errno                             0x08008bd1   Thumb Code    36  kservice.o(.text)
    _rt_errno                                0x08008bf5   Thumb Code    30  kservice.o(.text)
    rt_memset                                0x08008c13   Thumb Code    72  kservice.o(.text)
    rt_memcpy                                0x08008c5b   Thumb Code   124  kservice.o(.text)
    rt_memmove                               0x08008cd7   Thumb Code    66  kservice.o(.text)
    rt_memcmp                                0x08008d19   Thumb Code    38  kservice.o(.text)
    rt_strlen                                0x08008d3f   Thumb Code    18  kservice.o(.text)
    rt_strstr                                0x08008d51   Thumb Code    58  kservice.o(.text)
    rt_strcasecmp                            0x08008d8b   Thumb Code    48  kservice.o(.text)
    rt_strncpy                               0x08008dbb   Thumb Code    52  kservice.o(.text)
    rt_strncmp                               0x08008def   Thumb Code    40  kservice.o(.text)
    rt_strcmp                                0x08008e17   Thumb Code    28  kservice.o(.text)
    rt_strdup                                0x08008e33   Thumb Code    40  kservice.o(.text)
    rt_hw_console_output                     0x08008e5b   Thumb Code     2  kservice.o(.text)
    rt_vsnprintf                             0x08009013   Thumb Code   800  kservice.o(.text)
    rt_kprintf                               0x08009333   Thumb Code    96  kservice.o(.text)
    rt_show_version                          0x08009393   Thumb Code    38  kservice.o(.text)
    rt_snprintf                              0x080093b9   Thumb Code    38  kservice.o(.text)
    rt_vsprintf                              0x080093df   Thumb Code    22  kservice.o(.text)
    rt_sprintf                               0x080093f5   Thumb Code    34  kservice.o(.text)
    rt_console_get_device                    0x08009417   Thumb Code     6  kservice.o(.text)
    rt_console_set_device                    0x0800941d   Thumb Code    48  kservice.o(.text)
    rt_malloc_align                          0x0800944d   Thumb Code    66  kservice.o(.text)
    rt_free_align                            0x0800948f   Thumb Code    16  kservice.o(.text)
    __rt_ffs                                 0x0800949f   Thumb Code    70  kservice.o(.text)
    rt_assert_set_hook                       0x080094e5   Thumb Code     6  kservice.o(.text)
    rt_assert_handler                        0x080094eb   Thumb Code    56  kservice.o(.text)
    rt_malloc_sethook                        0x080095fd   Thumb Code     6  mem.o(.text)
    rt_free_sethook                          0x08009603   Thumb Code     6  mem.o(.text)
    rt_system_heap_init                      0x080096a9   Thumb Code   204  mem.o(.text)
    rt_malloc                                0x08009775   Thumb Code   520  mem.o(.text)
    rt_free                                  0x0800997d   Thumb Code   602  mem.o(.text)
    rt_realloc                               0x08009bd7   Thumb Code   312  mem.o(.text)
    rt_calloc                                0x08009d0f   Thumb Code    84  mem.o(.text)
    rt_memory_info                           0x08009d63   Thumb Code    26  mem.o(.text)
    list_mem                                 0x08009d7d   Thumb Code    34  mem.o(.text)
    rt_object_attach_sethook                 0x08009e91   Thumb Code     6  object.o(.text)
    rt_object_detach_sethook                 0x08009e97   Thumb Code     6  object.o(.text)
    rt_object_trytake_sethook                0x08009e9d   Thumb Code     6  object.o(.text)
    rt_object_take_sethook                   0x08009ea3   Thumb Code     6  object.o(.text)
    rt_object_put_sethook                    0x08009ea9   Thumb Code     6  object.o(.text)
    rt_system_object_init                    0x08009eaf   Thumb Code     2  object.o(.text)
    rt_object_get_information                0x08009eb1   Thumb Code    10  object.o(.text)
    rt_object_init                           0x08009ebb   Thumb Code    76  object.o(.text)
    rt_object_detach                         0x08009f07   Thumb Code    56  object.o(.text)
    rt_object_allocate                       0x08009f3f   Thumb Code   132  object.o(.text)
    rt_object_delete                         0x08009fc3   Thumb Code    84  object.o(.text)
    rt_object_is_systemobject                0x0800a017   Thumb Code    34  object.o(.text)
    rt_object_find                           0x0800a039   Thumb Code   126  object.o(.text)
    rt_scheduler_sethook                     0x0800a14d   Thumb Code     6  scheduler.o(.text)
    rt_system_scheduler_init                 0x0800a1a5   Thumb Code    56  scheduler.o(.text)
    rt_system_scheduler_start                0x0800a1dd   Thumb Code    36  scheduler.o(.text)
    rt_schedule                              0x0800a201   Thumb Code   134  scheduler.o(.text)
    rt_schedule_insert_thread                0x0800a287   Thumb Code    82  scheduler.o(.text)
    rt_schedule_remove_thread                0x0800a2d9   Thumb Code    94  scheduler.o(.text)
    rt_enter_critical                        0x0800a337   Thumb Code    28  scheduler.o(.text)
    rt_exit_critical                         0x0800a353   Thumb Code    54  scheduler.o(.text)
    rt_critical_level                        0x0800a389   Thumb Code     8  scheduler.o(.text)
    rt_thread_timeout                        0x0800a499   Thumb Code    66  thread.o(.text)
    rt_thread_init                           0x0800a567   Thumb Code    74  thread.o(.text)
    rt_thread_self                           0x0800a5b1   Thumb Code     6  thread.o(.text)
    rt_thread_resume                         0x0800a5b7   Thumb Code    78  thread.o(.text)
    rt_thread_startup                        0x0800a605   Thumb Code    80  thread.o(.text)
    rt_thread_detach                         0x0800a655   Thumb Code    72  thread.o(.text)
    rt_thread_create                         0x0800a69d   Thumb Code    80  thread.o(.text)
    rt_thread_delete                         0x0800a6ed   Thumb Code    64  thread.o(.text)
    rt_thread_yield                          0x0800a72d   Thumb Code    88  thread.o(.text)
    rt_thread_suspend                        0x0800a785   Thumb Code    76  thread.o(.text)
    rt_thread_sleep                          0x0800a7d1   Thumb Code    76  thread.o(.text)
    rt_thread_delay                          0x0800a81d   Thumb Code   212  thread.o(.text)
    rt_thread_control                        0x0800a8f1   Thumb Code   130  thread.o(.text)
    rt_thread_find                           0x0800a973   Thumb Code    76  thread.o(.text)
    rt_timer_timeout_sethook                 0x0800a9d7   Thumb Code     6  timer.o(.text)
    rt_timer_init                            0x0800aa69   Thumb Code    58  timer.o(.text)
    rt_timer_detach                          0x0800aaa3   Thumb Code    44  timer.o(.text)
    rt_timer_create                          0x0800aacf   Thumb Code    54  timer.o(.text)
    rt_timer_delete                          0x0800ab05   Thumb Code    46  timer.o(.text)
    rt_timer_start                           0x0800ab33   Thumb Code   292  timer.o(.text)
    rt_timer_stop                            0x0800ac57   Thumb Code    80  timer.o(.text)
    rt_timer_control                         0x0800aca7   Thumb Code    76  timer.o(.text)
    rt_timer_check                           0x0800acf3   Thumb Code   148  timer.o(.text)
    rt_timer_next_timeout_tick               0x0800ad87   Thumb Code    10  timer.o(.text)
    rt_system_timer_init                     0x0800ad91   Thumb Code    24  timer.o(.text)
    rt_system_timer_thread_init              0x0800ada9   Thumb Code     2  timer.o(.text)
    rt_hw_stack_init                         0x0800ae25   Thumb Code    74  cpuport.o(.text)
    rt_hw_exception_install                  0x0800ae6f   Thumb Code     6  cpuport.o(.text)
    rt_hw_hard_fault_exception               0x0800ae75   Thumb Code   112  cpuport.o(.text)
    rt_hw_cpu_shutdown                       0x0800aee5   Thumb Code    20  cpuport.o(.text)
    rt_hw_interrupt_disable                  0x0800afb5   Thumb Code     8  context_rvds.o(.text)
    rt_hw_interrupt_enable                   0x0800afbd   Thumb Code     6  context_rvds.o(.text)
    rt_hw_context_switch                     0x0800afc3   Thumb Code    32  context_rvds.o(.text)
    rt_hw_context_switch_interrupt           0x0800afc3   Thumb Code     0  context_rvds.o(.text)
    PendSV_Handler                           0x0800afe3   Thumb Code   108  context_rvds.o(.text)
    rt_hw_context_switch_to                  0x0800b04f   Thumb Code    68  context_rvds.o(.text)
    rt_hw_interrupt_thread_switch            0x0800b093   Thumb Code     2  context_rvds.o(.text)
    HardFault_Handler                        0x0800b095   Thumb Code    20  context_rvds.o(.text)
    finsh_set_device                         0x0800b0e3   Thumb Code   156  shell.o(.text)
    finsh_get_device                         0x0800b17f   Thumb Code    28  shell.o(.text)
    finsh_set_echo                           0x0800b19b   Thumb Code    30  shell.o(.text)
    finsh_get_echo                           0x0800b1b9   Thumb Code    32  shell.o(.text)
    finsh_run_line                           0x0800b1f5   Thumb Code   164  shell.o(.text)
    finsh_thread_entry                       0x0800b355   Thumb Code  1646  shell.o(.text)
    finsh_system_function_init               0x0800b9c3   Thumb Code    10  shell.o(.text)
    finsh_system_var_init                    0x0800b9cd   Thumb Code    10  shell.o(.text)
    finsh_system_init                        0x0800b9d7   Thumb Code   122  shell.o(.text)
    hello                                    0x0800bab9   Thumb Code    12  cmd.o(.text)
    version                                  0x0800bac5   Thumb Code    10  cmd.o(.text)
    list_thread                              0x0800bb7b   Thumb Code    10  cmd.o(.text)
    list_sem                                 0x0800bc19   Thumb Code    12  cmd.o(.text)
    list_event                               0x0800bc85   Thumb Code    12  cmd.o(.text)
    list_mutex                               0x0800bcd3   Thumb Code    12  cmd.o(.text)
    list_mailbox                             0x0800bd57   Thumb Code    12  cmd.o(.text)
    list_msgqueue                            0x0800bdcf   Thumb Code    12  cmd.o(.text)
    list_mempool                             0x0800be41   Thumb Code    12  cmd.o(.text)
    list_timer                               0x0800c285   Thumb Code    10  cmd.o(.text)
    list_device                              0x0800c2e1   Thumb Code    12  cmd.o(.text)
    list                                     0x0800c2ed   Thumb Code   126  cmd.o(.text)
    list_prefix                              0x0800c3ad   Thumb Code   434  cmd.o(.text)
    finsh_compiler_run                       0x0800de17   Thumb Code    88  finsh_compiler.o(.text)
    finsh_error_init                         0x0800de81   Thumb Code     8  finsh_error.o(.text)
    finsh_error_set                          0x0800de89   Thumb Code    10  finsh_error.o(.text)
    finsh_errno                              0x0800de93   Thumb Code     6  finsh_error.o(.text)
    finsh_error_string                       0x0800de99   Thumb Code    10  finsh_error.o(.text)
    finsh_heap_init                          0x0800dead   Thumb Code    36  finsh_heap.o(.text)
    finsh_heap_free                          0x0800dfd1   Thumb Code    34  finsh_heap.o(.text)
    finsh_heap_allocate                      0x0800e041   Thumb Code   106  finsh_heap.o(.text)
    finsh_init                               0x0800e0bd   Thumb Code    30  finsh_init.o(.text)
    finsh_stack_bottom                       0x0800e0db   Thumb Code     6  finsh_init.o(.text)
    finsh_flush                              0x0800e0e1   Thumb Code    22  finsh_init.o(.text)
    finsh_reset                              0x0800e0f7   Thumb Code    24  finsh_init.o(.text)
    finsh_node_init                          0x0800e115   Thumb Code    16  finsh_node.o(.text)
    finsh_node_allocate                      0x0800e125   Thumb Code    56  finsh_node.o(.text)
    finsh_node_new_id                        0x0800e15d   Thumb Code   118  finsh_node.o(.text)
    finsh_node_new_char                      0x0800e1d3   Thumb Code    30  finsh_node.o(.text)
    finsh_node_new_int                       0x0800e1f1   Thumb Code    30  finsh_node.o(.text)
    finsh_node_new_long                      0x0800e20f   Thumb Code    30  finsh_node.o(.text)
    finsh_node_new_string                    0x0800e22d   Thumb Code    74  finsh_node.o(.text)
    finsh_node_new_ptr                       0x0800e277   Thumb Code    30  finsh_node.o(.text)
    OP_no_op                                 0x0800e299   Thumb Code     2  finsh_ops.o(.text)
    OP_add_byte                              0x0800e29b   Thumb Code    42  finsh_ops.o(.text)
    OP_add_word                              0x0800e2c5   Thumb Code    44  finsh_ops.o(.text)
    OP_add_dword                             0x0800e2f1   Thumb Code    42  finsh_ops.o(.text)
    OP_sub_byte                              0x0800e31b   Thumb Code    42  finsh_ops.o(.text)
    OP_sub_word                              0x0800e345   Thumb Code    44  finsh_ops.o(.text)
    OP_sub_dword                             0x0800e371   Thumb Code    42  finsh_ops.o(.text)
    OP_div_byte                              0x0800e39b   Thumb Code    44  finsh_ops.o(.text)
    OP_div_word                              0x0800e3c7   Thumb Code    46  finsh_ops.o(.text)
    OP_div_dword                             0x0800e3f5   Thumb Code    44  finsh_ops.o(.text)
    OP_mod_byte                              0x0800e421   Thumb Code    48  finsh_ops.o(.text)
    OP_mod_word                              0x0800e451   Thumb Code    48  finsh_ops.o(.text)
    OP_mod_dword                             0x0800e481   Thumb Code    48  finsh_ops.o(.text)
    OP_mul_byte                              0x0800e4b1   Thumb Code    44  finsh_ops.o(.text)
    OP_mul_word                              0x0800e4dd   Thumb Code    46  finsh_ops.o(.text)
    OP_mul_dword                             0x0800e50b   Thumb Code    42  finsh_ops.o(.text)
    OP_and_byte                              0x0800e535   Thumb Code    42  finsh_ops.o(.text)
    OP_and_word                              0x0800e55f   Thumb Code    42  finsh_ops.o(.text)
    OP_and_dword                             0x0800e589   Thumb Code    42  finsh_ops.o(.text)
    OP_or_byte                               0x0800e5b3   Thumb Code    42  finsh_ops.o(.text)
    OP_or_word                               0x0800e5dd   Thumb Code    42  finsh_ops.o(.text)
    OP_or_dword                              0x0800e607   Thumb Code    42  finsh_ops.o(.text)
    OP_xor_byte                              0x0800e631   Thumb Code    42  finsh_ops.o(.text)
    OP_xor_word                              0x0800e65b   Thumb Code    46  finsh_ops.o(.text)
    OP_xor_dword                             0x0800e689   Thumb Code    42  finsh_ops.o(.text)
    OP_bw_byte                               0x0800e6b3   Thumb Code    20  finsh_ops.o(.text)
    OP_bw_word                               0x0800e6c7   Thumb Code    20  finsh_ops.o(.text)
    OP_bw_dword                              0x0800e6db   Thumb Code    20  finsh_ops.o(.text)
    OP_shl_byte                              0x0800e6ef   Thumb Code    42  finsh_ops.o(.text)
    OP_shl_word                              0x0800e719   Thumb Code    44  finsh_ops.o(.text)
    OP_shl_dword                             0x0800e745   Thumb Code    42  finsh_ops.o(.text)
    OP_shr_byte                              0x0800e76f   Thumb Code    42  finsh_ops.o(.text)
    OP_shr_word                              0x0800e799   Thumb Code    42  finsh_ops.o(.text)
    OP_shr_dword                             0x0800e7c3   Thumb Code    42  finsh_ops.o(.text)
    OP_ld_byte                               0x0800e7ed   Thumb Code    34  finsh_ops.o(.text)
    OP_ld_word                               0x0800e80f   Thumb Code    46  finsh_ops.o(.text)
    OP_ld_dword                              0x0800e83d   Thumb Code    64  finsh_ops.o(.text)
    OP_ld_value_byte                         0x0800e87d   Thumb Code    66  finsh_ops.o(.text)
    OP_ld_value_byte_stack                   0x0800e8bf   Thumb Code    20  finsh_ops.o(.text)
    OP_ld_value_word                         0x0800e8d3   Thumb Code    66  finsh_ops.o(.text)
    OP_ld_value_word_stack                   0x0800e915   Thumb Code    20  finsh_ops.o(.text)
    OP_ld_value_dword                        0x0800e929   Thumb Code    66  finsh_ops.o(.text)
    OP_ld_value_dword_stack                  0x0800e96b   Thumb Code    20  finsh_ops.o(.text)
    OP_st_byte                               0x0800e97f   Thumb Code    30  finsh_ops.o(.text)
    OP_st_word                               0x0800e99d   Thumb Code    30  finsh_ops.o(.text)
    OP_st_dword                              0x0800e9bb   Thumb Code    30  finsh_ops.o(.text)
    OP_pop                                   0x0800e9d9   Thumb Code    12  finsh_ops.o(.text)
    OP_call                                  0x0800e9e5   Thumb Code   906  finsh_ops.o(.text)
    finsh_parser_run                         0x0800f605   Thumb Code   220  finsh_parser.o(.text)
    finsh_parser_init                        0x0800f6e1   Thumb Code    16  finsh_parser.o(.text)
    finsh_var_init                           0x0800f6f1   Thumb Code    14  finsh_var.o(.text)
    finsh_var_insert                         0x0800f6ff   Thumb Code   114  finsh_var.o(.text)
    finsh_var_delete                         0x0800f771   Thumb Code    68  finsh_var.o(.text)
    finsh_var_lookup                         0x0800f7b5   Thumb Code    58  finsh_var.o(.text)
    finsh_sysvar_append                      0x0800f7ef   Thumb Code    62  finsh_var.o(.text)
    finsh_sysvar_lookup                      0x0800f82d   Thumb Code    78  finsh_var.o(.text)
    finsh_vm_run                             0x0800f88d   Thumb Code    62  finsh_vm.o(.text)
    finsh_syscall_append                     0x0800f8cb   Thumb Code    54  finsh_vm.o(.text)
    finsh_syscall_lookup                     0x0800f901   Thumb Code    78  finsh_vm.o(.text)
    finsh_token_init                         0x0800f971   Thumb Code    20  finsh_token.o(.text)
    token_get_string                         0x0800fd89   Thumb Code   120  finsh_token.o(.text)
    finsh_token_token                        0x0800ffc1   Thumb Code    24  finsh_token.o(.text)
    finsh_token_get_token                    0x0800ffd9   Thumb Code    20  finsh_token.o(.text)
    rt_hw_serial_register                    0x0801039b   Thumb Code   246  serial.o(.text)
    rt_hw_serial_isr                         0x08010491   Thumb Code   302  serial.o(.text)
    rt_completion_init                       0x08010875   Thumb Code    42  completion.o(.text)
    rt_completion_wait                       0x0801089f   Thumb Code   198  completion.o(.text)
    rt_completion_done                       0x08010965   Thumb Code    76  completion.o(.text)
    rt_data_queue_init                       0x08010a4b   Thumb Code    78  dataqueue.o(.text)
    rt_data_queue_push                       0x08010a99   Thumb Code   276  dataqueue.o(.text)
    rt_data_queue_pop                        0x08010bad   Thumb Code   340  dataqueue.o(.text)
    rt_data_queue_peak                       0x08010d01   Thumb Code    94  dataqueue.o(.text)
    rt_data_queue_reset                      0x08010d5f   Thumb Code   106  dataqueue.o(.text)
    Motor_tb6612Setting                      0x08010ff5   Thumb Code    30  tb6612.o(.text)
    Motor_tb6612New                          0x08011013   Thumb Code    18  tb6612.o(.text)
    hw_motor_init                            0x08011137   Thumb Code    44  tb6612.o(.text)
    malloc                                   0x0801119d   Thumb Code    94  h1_alloc.o(.text)
    atoi                                     0x080111fb   Thumb Code    26  atoi.o(.text)
    strlen                                   0x08011215   Thumb Code    62  strlen.o(.text)
    strncmp                                  0x08011253   Thumb Code   150  strncmp.o(.text)
    __aeabi_memcpy                           0x080112e9   Thumb Code     0  rt_memcpy_v6.o(.text)
    __rt_memcpy                              0x080112e9   Thumb Code   138  rt_memcpy_v6.o(.text)
    _memcpy_lastbytes                        0x0801134f   Thumb Code     0  rt_memcpy_v6.o(.text)
    __aeabi_memcpy4                          0x08011373   Thumb Code     0  rt_memcpy_w.o(.text)
    __aeabi_memcpy8                          0x08011373   Thumb Code     0  rt_memcpy_w.o(.text)
    __rt_memcpy_w                            0x08011373   Thumb Code   100  rt_memcpy_w.o(.text)
    _memcpy_lastbytes_aligned                0x080113bb   Thumb Code     0  rt_memcpy_w.o(.text)
    __aeabi_memclr                           0x080113d7   Thumb Code     0  rt_memclr.o(.text)
    __rt_memclr                              0x080113d7   Thumb Code    68  rt_memclr.o(.text)
    _memset                                  0x080113db   Thumb Code     0  rt_memclr.o(.text)
    __aeabi_memclr4                          0x0801141b   Thumb Code     0  rt_memclr_w.o(.text)
    __aeabi_memclr8                          0x0801141b   Thumb Code     0  rt_memclr_w.o(.text)
    __rt_memclr_w                            0x0801141b   Thumb Code    78  rt_memclr_w.o(.text)
    _memset_w                                0x0801141f   Thumb Code     0  rt_memclr_w.o(.text)
    strncpy                                  0x08011469   Thumb Code    86  strncpy.o(.text)
    strcmp                                   0x080114c1   Thumb Code   128  strcmpv7m.o(.text)
    __use_two_region_memory                  0x08011541   Thumb Code     2  heapauxi.o(.text)
    __rt_heap_escrow                         0x08011543   Thumb Code     2  heapauxi.o(.text)
    __rt_heap_expand                         0x08011545   Thumb Code     2  heapauxi.o(.text)
    __rt_heap_descriptor                     0x08011549   Thumb Code     8  rt_heap_descriptor_intlibspace.o(.text)
    __aeabi_errno_addr                       0x08011551   Thumb Code     8  rt_errno_addr_intlibspace.o(.text)
    __errno$intlibspace                      0x08011551   Thumb Code     0  rt_errno_addr_intlibspace.o(.text)
    __rt_errno_addr$intlibspace              0x08011551   Thumb Code     0  rt_errno_addr_intlibspace.o(.text)
    __use_no_heap                            0x08011559   Thumb Code     2  hguard.o(.text)
    __heap$guard                             0x0801155b   Thumb Code     2  hguard.o(.text)
    _terminate_user_alloc                    0x0801155d   Thumb Code     2  init_alloc.o(.text)
    _init_user_alloc                         0x0801155f   Thumb Code     2  init_alloc.o(.text)
    __Heap_Full                              0x08011561   Thumb Code    34  init_alloc.o(.text)
    __Heap_Broken                            0x08011583   Thumb Code     6  init_alloc.o(.text)
    _init_alloc                              0x08011589   Thumb Code    94  init_alloc.o(.text)
    __Heap_Initialize                        0x080115e7   Thumb Code    10  h1_init.o(.text)
    __Heap_DescSize                          0x080115f1   Thumb Code     4  h1_init.o(.text)
    free                                     0x080115f5   Thumb Code    78  h1_free.o(.text)
    strtol                                   0x08011643   Thumb Code   112  strtol.o(.text)
    __user_libspace                          0x080116b5   Thumb Code     8  libspace.o(.text)
    __user_perproc_libspace                  0x080116b5   Thumb Code     0  libspace.o(.text)
    __user_perthread_libspace                0x080116b5   Thumb Code     0  libspace.o(.text)
    __rt_ctype_table                         0x080116bd   Thumb Code    16  rt_ctype_table.o(.text)
    __Heap_ProvideMemory                     0x080116cd   Thumb Code    52  h1_extend.o(.text)
    _strtoul                                 0x08011701   Thumb Code   158  _strtoul.o(.text)
    __rt_SIGRTMEM                            0x0801179f   Thumb Code    14  defsig_rtmem_outer.o(.text)
    __I$use$semihosting                      0x080117ad   Thumb Code     0  use_no_semi.o(.text)
    __use_no_semihosting_swi                 0x080117ad   Thumb Code     2  use_no_semi.o(.text)
    __semihosting_library_function           0x080117af   Thumb Code     0  indicate_semi.o(.text)
    __user_setup_stackheap                   0x080117af   Thumb Code    74  sys_stackheap_outer.o(.text)
    __rt_locale                              0x080117f9   Thumb Code     8  rt_locale_intlibspace.o(.text)
    _chval                                   0x08011801   Thumb Code    28  _chval.o(.text)
    exit                                     0x0801181d   Thumb Code    18  exit.o(.text)
    __sig_exit                               0x0801182f   Thumb Code    10  defsig_exit.o(.text)
    __rt_SIGRTMEM_inner                      0x08011839   Thumb Code    22  defsig_rtmem_inner.o(.text)
    _sys_exit                                0x08011889   Thumb Code     8  sys_exit.o(.text)
    __default_signal_display                 0x08011895   Thumb Code    50  defsig_general.o(.text)
    _ttywrch                                 0x080118c7   Thumb Code    14  sys_wrch.o(.text)
    _get_lc_ctype                            0x080118d5   Thumb Code    44  lc_ctype_c.o(locale$$code)
    _fp_init                                 0x08011901   Thumb Code    10  fpinit.o(x$fpl$fpinit)
    __fplib_config_fpu_vfp                   0x08011909   Thumb Code     0  fpinit.o(x$fpl$fpinit)
    __fplib_config_pureend_doubles           0x08011909   Thumb Code     0  fpinit.o(x$fpl$fpinit)
    __lowest_bit_bitmap                      0x08011c6f   Data         256  kservice.o(.constdata)
    op_table                                 0x0801204c   Data         196  finsh_ops.o(.constdata)
    __fsym_list_mem_name                     0x080126b6   Data           9  mem.o(.rodata.name)
    __fsym_list_mem_desc                     0x080126bf   Data          30  mem.o(.rodata.name)
    __fsym_hello_name                        0x080126dd   Data           6  cmd.o(.rodata.name)
    __fsym_hello_desc                        0x080126e3   Data          16  cmd.o(.rodata.name)
    __fsym_version_name                      0x080126f3   Data           8  cmd.o(.rodata.name)
    __fsym_version_desc                      0x080126fb   Data          35  cmd.o(.rodata.name)
    __fsym_list_thread_name                  0x0801271e   Data          12  cmd.o(.rodata.name)
    __fsym_list_thread_desc                  0x0801272a   Data          12  cmd.o(.rodata.name)
    __fsym_list_sem_name                     0x08012736   Data           9  cmd.o(.rodata.name)
    __fsym_list_sem_desc                     0x0801273f   Data          25  cmd.o(.rodata.name)
    __fsym_list_event_name                   0x08012758   Data          11  cmd.o(.rodata.name)
    __fsym_list_event_desc                   0x08012763   Data          21  cmd.o(.rodata.name)
    __fsym_list_mutex_name                   0x08012778   Data          11  cmd.o(.rodata.name)
    __fsym_list_mutex_desc                   0x08012783   Data          21  cmd.o(.rodata.name)
    __fsym_list_mailbox_name                 0x08012798   Data          13  cmd.o(.rodata.name)
    __fsym_list_mailbox_desc                 0x080127a5   Data          24  cmd.o(.rodata.name)
    __fsym_list_msgqueue_name                0x080127bd   Data          14  cmd.o(.rodata.name)
    __fsym_list_msgqueue_desc                0x080127cb   Data          29  cmd.o(.rodata.name)
    __fsym_list_mempool_name                 0x080127e8   Data          13  cmd.o(.rodata.name)
    __fsym_list_mempool_desc                 0x080127f5   Data          27  cmd.o(.rodata.name)
    __fsym_list_timer_name                   0x08012810   Data          11  cmd.o(.rodata.name)
    __fsym_list_timer_desc                   0x0801281b   Data          21  cmd.o(.rodata.name)
    __fsym_list_device_name                  0x08012830   Data          12  cmd.o(.rodata.name)
    __fsym_list_device_desc                  0x0801283c   Data          22  cmd.o(.rodata.name)
    __fsym_list_name                         0x08012852   Data           5  cmd.o(.rodata.name)
    __fsym_list_desc                         0x08012857   Data          26  cmd.o(.rodata.name)
    __vsym_dummy_name                        0x08012871   Data           6  cmd.o(.rodata.name)
    __vsym_dummy_desc                        0x08012877   Data          25  cmd.o(.rodata.name)
    FSymTab$$Base                            0x08012890   Number         0  mem.o(FSymTab)
    __fsym_list_mem                          0x08012890   Data          12  mem.o(FSymTab)
    __fsym_hello                             0x0801289c   Data          12  cmd.o(FSymTab)
    __fsym_version                           0x080128a8   Data          12  cmd.o(FSymTab)
    __fsym_list_thread                       0x080128b4   Data          12  cmd.o(FSymTab)
    __fsym_list_sem                          0x080128c0   Data          12  cmd.o(FSymTab)
    __fsym_list_event                        0x080128cc   Data          12  cmd.o(FSymTab)
    __fsym_list_mutex                        0x080128d8   Data          12  cmd.o(FSymTab)
    __fsym_list_mailbox                      0x080128e4   Data          12  cmd.o(FSymTab)
    __fsym_list_msgqueue                     0x080128f0   Data          12  cmd.o(FSymTab)
    __fsym_list_mempool                      0x080128fc   Data          12  cmd.o(FSymTab)
    __fsym_list_timer                        0x08012908   Data          12  cmd.o(FSymTab)
    __fsym_list_device                       0x08012914   Data          12  cmd.o(FSymTab)
    __fsym_list                              0x08012920   Data          12  cmd.o(FSymTab)
    FSymTab$$Limit                           0x0801292c   Number         0  cmd.o(FSymTab)
    Region$$Table$$Base                      0x0801292c   Number         0  anon$$obj.o(Region$$Table)
    Region$$Table$$Limit                     0x0801294c   Number         0  anon$$obj.o(Region$$Table)
    VSymTab$$Base                            0x0801294c   Number         0  cmd.o(VSymTab)
    __vsym_dummy                             0x0801294c   Data          16  cmd.o(VSymTab)
    VSymTab$$Limit                           0x0801295c   Number         0  cmd.o(VSymTab)
    __ctype                                  0x08012969   Data           0  lc_ctype_c.o(locale$$data)
    rosserial_sendbuff                       0x20000000   Data          20  rosserial_bridge.o(.data)
    u_buffer_size                            0x20000014   Data           4  rosserial_bridge.o(.data)
    uart1                                    0x20000018   Data           8  usart.o(.data)
    uart3                                    0x20000020   Data           8  usart.o(.data)
    GPIO_PORT                                0x20000028   Data          36  stm32f4_gpio_drv.o(.data)
    GPIO_PIN                                 0x2000004c   Data          68  stm32f4_gpio_drv.o(.data)
    GPIO_MODE                                0x20000090   Data           4  stm32f4_gpio_drv.o(.data)
    GPIO_OTYPE                               0x20000094   Data           2  stm32f4_gpio_drv.o(.data)
    GPIO_PUPD                                0x20000096   Data           3  stm32f4_gpio_drv.o(.data)
    TIM                                      0x2000009c   Data          60  stm32f4_timer_drv.o(.data)
    Counter_Mode                             0x200000d8   Data          10  stm32f4_timer_drv.o(.data)
    Clk_Div                                  0x200000e2   Data           6  stm32f4_timer_drv.o(.data)
    OC_Mode                                  0x200000e8   Data          12  stm32f4_timer_drv.o(.data)
    Channel                                  0x200000f4   Data           8  stm32f4_timer_drv.o(.data)
    k                                        0x200000fc   Data           2  rs232.o(.data)
    cmd_update_flag                          0x200000fe   Data           1  rs232.o(.data)
    first_rs232_flag                         0x200000ff   Data           1  rs232.o(.data)
    tx_length_old                            0x20000100   Data           1  rs232.o(.data)
    resend_count                             0x20000101   Data           1  rs232.o(.data)
    rs232_ack                                0x20000102   Data          20  rs232.o(.data)
    device_232                               0x20000118   Data           4  rs232.o(.data)
    write_device_232                         0x2000011c   Data           4  rs232.o(.data)
    g_ros_test_flag                          0x20000124   Data           1  rs232.o(.data)
    regedit2                                 0x20000126   Data         198  rs232.o(.data)
    SystemCoreClock                          0x200001ec   Data           4  system_stm32f4xx.o(.data)
    AHBPrescTable                            0x200001f0   Data          16  system_stm32f4xx.o(.data)
    rt_interrupt_nest                        0x20000218   Data           1  irq.o(.data)
    rt_assert_hook                           0x20000224   Data           4  kservice.o(.data)
    rt_object_container                      0x20000248   Data         144  object.o(.data)
    rt_object_trytake_hook                   0x200002e0   Data           4  object.o(.data)
    rt_object_take_hook                      0x200002e4   Data           4  object.o(.data)
    rt_object_put_hook                       0x200002e8   Data           4  object.o(.data)
    rt_current_thread                        0x200002f0   Data           4  scheduler.o(.data)
    rt_current_priority                      0x200002f4   Data           1  scheduler.o(.data)
    rt_thread_ready_priority_group           0x200002f8   Data           4  scheduler.o(.data)
    rt_thread_defunct                        0x200002fc   Data           8  scheduler.o(.data)
    rt_interrupt_from_thread                 0x20000318   Data           4  cpuport.o(.data)
    rt_interrupt_to_thread                   0x2000031c   Data           4  cpuport.o(.data)
    rt_thread_switch_interrupt_flag          0x20000320   Data           4  cpuport.o(.data)
    shell                                    0x20000328   Data           4  shell.o(.data)
    _syscall_table_begin                     0x2000032c   Data           4  symbol.o(.data)
    _syscall_table_end                       0x20000330   Data           4  symbol.o(.data)
    _sysvar_table_begin                      0x20000334   Data           4  symbol.o(.data)
    _sysvar_table_end                        0x20000338   Data           4  symbol.o(.data)
    finsh_compile_sp                         0x20000340   Data           4  finsh_compiler.o(.data)
    finsh_compile_pc                         0x20000344   Data           4  finsh_compiler.o(.data)
    global_errno                             0x20000348   Data           1  finsh_error.o(.data)
    global_sysvar_list                       0x20000390   Data           4  finsh_var.o(.data)
    finsh_sp                                 0x20000394   Data           4  finsh_vm.o(.data)
    finsh_pc                                 0x20000398   Data           4  finsh_vm.o(.data)
    global_syscall_list                      0x2000039c   Data           4  finsh_vm.o(.data)
    thread_heartbeat                         0x200005a0   Data         128  debug_led.o(.bss)
    thread_rosserial_bridge                  0x20000820   Data         128  rosserial_bridge.o(.bss)
    serial1                                  0x200008a0   Data          84  usart.o(.bss)
    serial3                                  0x200008f4   Data          84  usart.o(.bss)
    backdate_event                           0x20000948   Data          32  rs232.o(.bss)
    uart_tx_buffer_old                       0x20000968   Data          20  rs232.o(.bss)
    mb_for_cmd_analysis                      0x2000097c   Data          48  rs232.o(.bss)
    mb_for_data_sendback                     0x20000a10   Data          48  rs232.o(.bss)
    mb_for_data_sendback_special             0x20000aa4   Data          48  rs232.o(.bss)
    mb_receive_to_send_old                   0x20000b60   Data         360  rs232.o(.bss)
    data_sendback_thread                     0x200010c8   Data         128  rs232.o(.bss)
    rt_thread_priority_table                 0x20001a9c   Data         256  scheduler.o(.bss)
    finsh_heap                               0x2000241c   Data         128  finsh_heap.o(.bss)
    global_node_table                        0x2000249c   Data         320  finsh_node.o(.bss)
    global_variable                          0x200025dc   Data         192  finsh_var.o(.bss)
    finsh_vm_stack                           0x2000269c   Data         256  finsh_vm.o(.bss)
    text_segment                             0x2000279c   Data         128  finsh_vm.o(.bss)
    thread_hw_motor                          0x20002a1c   Data         128  tb6612.o(.bss)
    __libspace_start                         0x20002a9c   Data          96  libspace.o(.bss)
    __temporary_stack_top$libspace           0x20002afc   Data           0  libspace.o(.bss)
    Image$$RW_IRAM1$$ZI$$Limit               0x20003100   Number         0  anon$$obj.o ABSOLUTE



==============================================================================

Memory Map of the image

  Image Entry point : 0x08000189

  Load Region LR_IROM1 (Base: 0x08000000, Size: 0x00012e0c, Max: 0x00080000, ABSOLUTE, COMPRESSED[0x00012b94])

    Execution Region ER_IROM1 (Base: 0x08000000, Size: 0x00012a6c, Max: 0x00080000, ABSOLUTE)

    Base Addr    Size         Type   Attr      Idx    E Section Name        Object

    0x08000000   0x00000188   Data   RO          974    RESET               startup_stm32f4xx.o
    0x08000188   0x00000008   Code   RO         1737  * !!!main             c_w.l(__main.o)
    0x08000190   0x00000034   Code   RO         1967    !!!scatter          c_w.l(__scatter.o)
    0x080001c4   0x0000005a   Code   RO         1965    !!dczerorl2         c_w.l(__dczerorl2.o)
    0x0800021e   0x00000002   PAD
    0x08000220   0x0000001c   Code   RO         1969    !!handler_zi        c_w.l(__scatter_zi.o)
    0x0800023c   0x00000002   Code   RO         1904    .ARM.Collect$$libinit$$00000000  c_w.l(libinit.o)
    0x0800023e   0x00000004   Code   RO         1782    .ARM.Collect$$libinit$$00000001  c_w.l(libinit2.o)
    0x08000242   0x00000000   Code   RO         1785    .ARM.Collect$$libinit$$00000004  c_w.l(libinit2.o)
    0x08000242   0x00000008   Code   RO         1786    .ARM.Collect$$libinit$$00000005  c_w.l(libinit2.o)
    0x0800024a   0x00000000   Code   RO         1788    .ARM.Collect$$libinit$$0000000A  c_w.l(libinit2.o)
    0x0800024a   0x00000000   Code   RO         1790    .ARM.Collect$$libinit$$0000000C  c_w.l(libinit2.o)
    0x0800024a   0x00000000   Code   RO         1792    .ARM.Collect$$libinit$$0000000E  c_w.l(libinit2.o)
    0x0800024a   0x00000006   Code   RO         1793    .ARM.Collect$$libinit$$0000000F  c_w.l(libinit2.o)
    0x08000250   0x00000000   Code   RO         1795    .ARM.Collect$$libinit$$00000011  c_w.l(libinit2.o)
    0x08000250   0x0000000c   Code   RO         1796    .ARM.Collect$$libinit$$00000012  c_w.l(libinit2.o)
    0x0800025c   0x00000000   Code   RO         1797    .ARM.Collect$$libinit$$00000013  c_w.l(libinit2.o)
    0x0800025c   0x00000000   Code   RO         1799    .ARM.Collect$$libinit$$00000015  c_w.l(libinit2.o)
    0x0800025c   0x00000000   Code   RO         1801    .ARM.Collect$$libinit$$00000017  c_w.l(libinit2.o)
    0x0800025c   0x00000000   Code   RO         1803    .ARM.Collect$$libinit$$00000019  c_w.l(libinit2.o)
    0x0800025c   0x00000000   Code   RO         1805    .ARM.Collect$$libinit$$0000001B  c_w.l(libinit2.o)
    0x0800025c   0x00000000   Code   RO         1807    .ARM.Collect$$libinit$$0000001D  c_w.l(libinit2.o)
    0x0800025c   0x00000000   Code   RO         1809    .ARM.Collect$$libinit$$0000001F  c_w.l(libinit2.o)
    0x0800025c   0x00000000   Code   RO         1811    .ARM.Collect$$libinit$$00000021  c_w.l(libinit2.o)
    0x0800025c   0x00000000   Code   RO         1813    .ARM.Collect$$libinit$$00000023  c_w.l(libinit2.o)
    0x0800025c   0x00000000   Code   RO         1815    .ARM.Collect$$libinit$$00000025  c_w.l(libinit2.o)
    0x0800025c   0x00000000   Code   RO         1819    .ARM.Collect$$libinit$$0000002C  c_w.l(libinit2.o)
    0x0800025c   0x00000000   Code   RO         1821    .ARM.Collect$$libinit$$0000002E  c_w.l(libinit2.o)
    0x0800025c   0x00000000   Code   RO         1823    .ARM.Collect$$libinit$$00000030  c_w.l(libinit2.o)
    0x0800025c   0x00000000   Code   RO         1825    .ARM.Collect$$libinit$$00000032  c_w.l(libinit2.o)
    0x0800025c   0x00000002   Code   RO         1826    .ARM.Collect$$libinit$$00000033  c_w.l(libinit2.o)
    0x0800025e   0x00000002   Code   RO         1962    .ARM.Collect$$libshutdown$$00000000  c_w.l(libshutdown.o)
    0x08000260   0x00000000   Code   RO         1918    .ARM.Collect$$libshutdown$$00000002  c_w.l(libshutdown2.o)
    0x08000260   0x00000000   Code   RO         1920    .ARM.Collect$$libshutdown$$00000004  c_w.l(libshutdown2.o)
    0x08000260   0x00000000   Code   RO         1923    .ARM.Collect$$libshutdown$$00000007  c_w.l(libshutdown2.o)
    0x08000260   0x00000000   Code   RO         1926    .ARM.Collect$$libshutdown$$0000000A  c_w.l(libshutdown2.o)
    0x08000260   0x00000000   Code   RO         1928    .ARM.Collect$$libshutdown$$0000000C  c_w.l(libshutdown2.o)
    0x08000260   0x00000000   Code   RO         1931    .ARM.Collect$$libshutdown$$0000000F  c_w.l(libshutdown2.o)
    0x08000260   0x00000002   Code   RO         1932    .ARM.Collect$$libshutdown$$00000010  c_w.l(libshutdown2.o)
    0x08000262   0x00000000   Code   RO         1741    .ARM.Collect$$rtentry$$00000000  c_w.l(__rtentry.o)
    0x08000262   0x00000000   Code   RO         1833    .ARM.Collect$$rtentry$$00000002  c_w.l(__rtentry2.o)
    0x08000262   0x00000006   Code   RO         1845    .ARM.Collect$$rtentry$$00000004  c_w.l(__rtentry4.o)
    0x08000268   0x00000000   Code   RO         1835    .ARM.Collect$$rtentry$$00000009  c_w.l(__rtentry2.o)
    0x08000268   0x00000004   Code   RO         1836    .ARM.Collect$$rtentry$$0000000A  c_w.l(__rtentry2.o)
    0x0800026c   0x00000000   Code   RO         1838    .ARM.Collect$$rtentry$$0000000C  c_w.l(__rtentry2.o)
    0x0800026c   0x00000008   Code   RO         1839    .ARM.Collect$$rtentry$$0000000D  c_w.l(__rtentry2.o)
    0x08000274   0x00000002   Code   RO         1907    .ARM.Collect$$rtexit$$00000000  c_w.l(rtexit.o)
    0x08000276   0x00000000   Code   RO         1936    .ARM.Collect$$rtexit$$00000002  c_w.l(rtexit2.o)
    0x08000276   0x00000004   Code   RO         1937    .ARM.Collect$$rtexit$$00000003  c_w.l(rtexit2.o)
    0x0800027a   0x00000006   Code   RO         1938    .ARM.Collect$$rtexit$$00000004  c_w.l(rtexit2.o)
    0x08000280   0x00000000   Code   RO         1851    .emb_text           c_w.l(maybetermalloc1.o)
    0x08000280   0x0000003c   Code   RO            2    .text               application.o
    0x080002bc   0x000000cc   Code   RO          168    .text               startup.o
    0x08000388   0x000000c0   Code   RO          188    .text               debug_led.o
    0x08000448   0x00000198   Code   RO          215    .text               rosserial_bridge.o
    0x080005e0   0x000000b0   Code   RO          260    .text               board.o
    0x08000690   0x00000010   Code   RO          286    .text               stm32f4xx_it.o
    0x080006a0   0x00000340   Code   RO          302    .text               usart.o
    0x080009e0   0x00000314   Code   RO          327    .text               stm32f4_gpio_drv.o
    0x08000cf4   0x000003b8   Code   RO          356    .text               stm32f4_timer_drv.o
    0x080010ac   0x0000001a   Code   RO          401    .text               platform.o
    0x080010c6   0x00000002   PAD
    0x080010c8   0x00000378   Code   RO          420    .text               rs232.o
    0x08001440   0x00000210   Code   RO          453    .text               system_stm32f4xx.o
    0x08001650   0x000001ec   Code   RO          475    .text               misc.o
    0x0800183c   0x00000916   Code   RO          715    .text               stm32f4xx_gpio.o
    0x08002152   0x00000002   PAD
    0x08002154   0x00000d7c   Code   RO          827    .text               stm32f4xx_rcc.o
    0x08002ed0   0x00003294   Code   RO          925    .text               stm32f4xx_tim.o
    0x08006164   0x00000eb4   Code   RO          941    .text               stm32f4xx_usart.o
    0x08007018   0x00000040   Code   RO          975    .text               startup_stm32f4xx.o
    0x08007058   0x00000064   Code   RO          979    .text               clock.o
    0x080070bc   0x00000324   Code   RO          993    .text               device.o
    0x080073e0   0x00000134   Code   RO         1007    .text               idle.o
    0x08007514   0x00001654   Code   RO         1027    .text               ipc.o
    0x08008b68   0x00000048   Code   RO         1044    .text               irq.o
    0x08008bb0   0x00000a4c   Code   RO         1059    .text               kservice.o
    0x080095fc   0x00000874   Code   RO         1079    .text               mem.o
    0x08009e70   0x000002dc   Code   RO         1128    .text               object.o
    0x0800a14c   0x000002e0   Code   RO         1147    .text               scheduler.o
    0x0800a42c   0x0000059c   Code   RO         1168    .text               thread.o
    0x0800a9c8   0x0000045c   Code   RO         1185    .text               timer.o
    0x0800ae24   0x00000190   Code   RO         1204    .text               cpuport.o
    0x0800afb4   0x0000010c   Code   RO         1220    .text               context_rvds.o
    0x0800b0c0   0x000009e4   Code   RO         1258    .text               shell.o
    0x0800baa4   0x00000bc4   Code   RO         1292    .text               cmd.o
    0x0800c668   0x00001818   Code   RO         1316    .text               finsh_compiler.o
    0x0800de80   0x0000002c   Code   RO         1353    .text               finsh_error.o
    0x0800deac   0x00000210   Code   RO         1369    .text               finsh_heap.o
    0x0800e0bc   0x00000058   Code   RO         1385    .text               finsh_init.o
    0x0800e114   0x00000184   Code   RO         1403    .text               finsh_node.o
    0x0800e298   0x00000adc   Code   RO         1418    .text               finsh_ops.o
    0x0800ed74   0x0000097c   Code   RO         1436    .text               finsh_parser.o
    0x0800f6f0   0x0000019c   Code   RO         1451    .text               finsh_var.o
    0x0800f88c   0x000000e4   Code   RO         1474    .text               finsh_vm.o
    0x0800f970   0x00000680   Code   RO         1501    .text               finsh_token.o
    0x0800fff0   0x00000884   Code   RO         1516    .text               serial.o
    0x08010874   0x000001c8   Code   RO         1529    .text               completion.o
    0x08010a3c   0x00000414   Code   RO         1545    .text               dataqueue.o
    0x08010e50   0x0000034c   Code   RO         1635    .text               tb6612.o
    0x0801119c   0x0000005e   Code   RO         1663    .text               c_w.l(h1_alloc.o)
    0x080111fa   0x0000001a   Code   RO         1717    .text               c_w.l(atoi.o)
    0x08011214   0x0000003e   Code   RO         1719    .text               c_w.l(strlen.o)
    0x08011252   0x00000096   Code   RO         1721    .text               c_w.l(strncmp.o)
    0x080112e8   0x0000008a   Code   RO         1723    .text               c_w.l(rt_memcpy_v6.o)
    0x08011372   0x00000064   Code   RO         1725    .text               c_w.l(rt_memcpy_w.o)
    0x080113d6   0x00000044   Code   RO         1727    .text               c_w.l(rt_memclr.o)
    0x0801141a   0x0000004e   Code   RO         1729    .text               c_w.l(rt_memclr_w.o)
    0x08011468   0x00000056   Code   RO         1731    .text               c_w.l(strncpy.o)
    0x080114be   0x00000002   PAD
    0x080114c0   0x00000080   Code   RO         1733    .text               c_w.l(strcmpv7m.o)
    0x08011540   0x00000006   Code   RO         1735    .text               c_w.l(heapauxi.o)
    0x08011546   0x00000002   PAD
    0x08011548   0x00000008   Code   RO         1745    .text               c_w.l(rt_heap_descriptor_intlibspace.o)
    0x08011550   0x00000008   Code   RO         1750    .text               c_w.l(rt_errno_addr_intlibspace.o)
    0x08011558   0x00000004   Code   RO         1752    .text               c_w.l(hguard.o)
    0x0801155c   0x0000008a   Code   RO         1754    .text               c_w.l(init_alloc.o)
    0x080115e6   0x0000000e   Code   RO         1760    .text               c_w.l(h1_init.o)
    0x080115f4   0x0000004e   Code   RO         1762    .text               c_w.l(h1_free.o)
    0x08011642   0x00000070   Code   RO         1778    .text               c_w.l(strtol.o)
    0x080116b2   0x00000002   PAD
    0x080116b4   0x00000008   Code   RO         1829    .text               c_w.l(libspace.o)
    0x080116bc   0x00000010   Code   RO         1847    .text               c_w.l(rt_ctype_table.o)
    0x080116cc   0x00000034   Code   RO         1853    .text               c_w.l(h1_extend.o)
    0x08011700   0x0000009e   Code   RO         1857    .text               c_w.l(_strtoul.o)
    0x0801179e   0x0000000e   Code   RO         1859    .text               c_w.l(defsig_rtmem_outer.o)
    0x080117ac   0x00000002   Code   RO         1870    .text               c_w.l(use_no_semi.o)
    0x080117ae   0x00000000   Code   RO         1872    .text               c_w.l(indicate_semi.o)
    0x080117ae   0x0000004a   Code   RO         1873    .text               c_w.l(sys_stackheap_outer.o)
    0x080117f8   0x00000008   Code   RO         1880    .text               c_w.l(rt_locale_intlibspace.o)
    0x08011800   0x0000001c   Code   RO         1884    .text               c_w.l(_chval.o)
    0x0801181c   0x00000012   Code   RO         1889    .text               c_w.l(exit.o)
    0x0801182e   0x0000000a   Code   RO         1891    .text               c_w.l(defsig_exit.o)
    0x08011838   0x00000050   Code   RO         1893    .text               c_w.l(defsig_rtmem_inner.o)
    0x08011888   0x0000000c   Code   RO         1905    .text               c_w.l(sys_exit.o)
    0x08011894   0x00000032   Code   RO         1915    .text               c_w.l(defsig_general.o)
    0x080118c6   0x0000000e   Code   RO         1933    .text               c_w.l(sys_wrch.o)
    0x080118d4   0x0000002c   Code   RO         1887    locale$$code        c_w.l(lc_ctype_c.o)
    0x08011900   0x0000000a   Code   RO         1868    x$fpl$fpinit        fz_wm.l(fpinit.o)
    0x0801190a   0x00000002   PAD
    0x0801190c   0x00000014   Data   RO          217    .constdata          rosserial_bridge.o
    0x08011920   0x00000050   Data   RO          304    .constdata          usart.o
    0x08011970   0x0000004a   Data   RO          328    .constdata          stm32f4_gpio_drv.o
    0x080119ba   0x00000020   Data   RO          357    .constdata          stm32f4_timer_drv.o
    0x080119da   0x000000a8   Data   RO          994    .constdata          device.o
    0x08011a82   0x00000016   Data   RO         1009    .constdata          idle.o
    0x08011a98   0x000001d7   Data   RO         1028    .constdata          ipc.o
    0x08011c6f   0x00000122   Data   RO         1061    .constdata          kservice.o
    0x08011d91   0x00000046   Data   RO         1081    .constdata          mem.o
    0x08011dd7   0x0000005e   Data   RO         1129    .constdata          object.o
    0x08011e35   0x0000004e   Data   RO         1149    .constdata          scheduler.o
    0x08011e83   0x000000aa   Data   RO         1169    .constdata          thread.o
    0x08011f2d   0x0000005c   Data   RO         1186    .constdata          timer.o
    0x08011f89   0x00000013   Data   RO         1205    .constdata          cpuport.o
    0x08011f9c   0x00000060   Data   RO         1260    .constdata          shell.o
    0x08011ffc   0x00000050   Data   RO         1293    .constdata          cmd.o
    0x0801204c   0x000000c4   Data   RO         1419    .constdata          finsh_ops.o
    0x08012110   0x00000040   Data   RO         1502    .constdata          finsh_token.o
    0x08012150   0x000000d3   Data   RO         1517    .constdata          serial.o
    0x08012223   0x00000039   Data   RO         1530    .constdata          completion.o
    0x0801225c   0x0000004b   Data   RO         1546    .constdata          dataqueue.o
    0x080122a7   0x00000001   PAD
    0x080122a8   0x0000003c   Data   RO          218    .conststring        rosserial_bridge.o
    0x080122e4   0x000000ed   Data   RO         1082    .conststring        mem.o
    0x080123d1   0x00000003   PAD
    0x080123d4   0x000001ad   Data   RO         1294    .conststring        cmd.o
    0x08012581   0x00000003   PAD
    0x08012584   0x000000f3   Data   RO         1354    .conststring        finsh_error.o
    0x08012677   0x00000001   PAD
    0x08012678   0x0000003e   Data   RO         1503    .conststring        finsh_token.o
    0x080126b6   0x00000027   Data   RO         1084    .rodata.name        mem.o
    0x080126dd   0x000001b3   Data   RO         1296    .rodata.name        cmd.o
    0x08012890   0x0000000c   Data   RO         1085    FSymTab             mem.o
    0x0801289c   0x00000090   Data   RO         1297    FSymTab             cmd.o
    0x0801292c   0x00000020   Data   RO         1963    Region$$Table       anon$$obj.o
    0x0801294c   0x00000010   Data   RO         1298    VSymTab             cmd.o
    0x0801295c   0x00000110   Data   RO         1886    locale$$data        c_w.l(lc_ctype_c.o)


    Execution Region RW_IRAM1 (Base: 0x20000000, Size: 0x00003100, Max: 0x00020000, ABSOLUTE, COMPRESSED[0x00000128])

    Base Addr    Size         Type   Attr      Idx    E Section Name        Object

    0x20000000   0x00000018   Data   RW          219    .data               rosserial_bridge.o
    0x20000018   0x00000010   Data   RW          305    .data               usart.o
    0x20000028   0x00000071   Data   RW          329    .data               stm32f4_gpio_drv.o
    0x20000099   0x00000003   PAD
    0x2000009c   0x00000060   Data   RW          358    .data               stm32f4_timer_drv.o
    0x200000fc   0x000000f0   Data   RW          422    .data               rs232.o
    0x200001ec   0x00000014   Data   RW          454    .data               system_stm32f4xx.o
    0x20000200   0x00000010   Data   RW          828    .data               stm32f4xx_rcc.o
    0x20000210   0x00000004   Data   RW          980    .data               clock.o
    0x20000214   0x00000004   Data   RW         1010    .data               idle.o
    0x20000218   0x00000001   Data   RW         1045    .data               irq.o
    0x20000219   0x00000003   PAD
    0x2000021c   0x0000000c   Data   RW         1062    .data               kservice.o
    0x20000228   0x00000020   Data   RW         1083    .data               mem.o
    0x20000248   0x000000a4   Data   RW         1130    .data               object.o
    0x200002ec   0x0000001c   Data   RW         1150    .data               scheduler.o
    0x20000308   0x00000010   Data   RW         1187    .data               timer.o
    0x20000318   0x00000010   Data   RW         1206    .data               cpuport.o
    0x20000328   0x00000004   Data   RW         1261    .data               shell.o
    0x2000032c   0x00000010   Data   RW         1279    .data               symbol.o
    0x2000033c   0x00000004   Data   RW         1295    .data               cmd.o
    0x20000340   0x00000008   Data   RW         1317    .data               finsh_compiler.o
    0x20000348   0x00000040   Data   RW         1355    .data               finsh_error.o
    0x20000388   0x00000008   Data   RW         1371    .data               finsh_heap.o
    0x20000390   0x00000004   Data   RW         1453    .data               finsh_var.o
    0x20000394   0x0000000c   Data   RW         1476    .data               finsh_vm.o
    0x200003a0   0x00000280   Zero   RW          189    .bss                debug_led.o
    0x20000620   0x00000280   Zero   RW          216    .bss                rosserial_bridge.o
    0x200008a0   0x000000a8   Zero   RW          303    .bss                usart.o
    0x20000948   0x00000c34   Zero   RW          421    .bss                rs232.o
    0x2000157c   0x00000480   Zero   RW         1008    .bss                idle.o
    0x200019fc   0x00000080   Zero   RW         1060    .bss                kservice.o
    0x20001a7c   0x00000020   Zero   RW         1080    .bss                mem.o
    0x20001a9c   0x00000100   Zero   RW         1148    .bss                scheduler.o
    0x20001b9c   0x00000880   Zero   RW         1259    .bss                shell.o
    0x2000241c   0x00000080   Zero   RW         1370    .bss                finsh_heap.o
    0x2000249c   0x00000140   Zero   RW         1404    .bss                finsh_node.o
    0x200025dc   0x000000c0   Zero   RW         1452    .bss                finsh_var.o
    0x2000269c   0x00000180   Zero   RW         1475    .bss                finsh_vm.o
    0x2000281c   0x00000280   Zero   RW         1636    .bss                tb6612.o
    0x20002a9c   0x00000060   Zero   RW         1830    .bss                c_w.l(libspace.o)
    0x20002afc   0x00000004   PAD
    0x20002b00   0x00000200   Zero   RW          973    HEAP                startup_stm32f4xx.o
    0x20002d00   0x00000400   Zero   RW          972    STACK               startup_stm32f4xx.o


==============================================================================

Image component sizes


      Code (inc. data)   RO Data    RW Data    ZI Data      Debug   Object Name

        60         10          0          0          0     272967   application.o
       176         18          0          0          0      19303   board.o
       100          6          0          4          0       1632   clock.o
      3012       1244       1104          4          0      10675   cmd.o
       456        124         57          0          0       3039   completion.o
       268         24          0          0          0        852   context_rvds.o
         0          0          0          0          0        872   core_test.o
       400        188         19         16          0       3819   cpuport.o
      1044        114         75          0          0       6573   dataqueue.o
       192         30          0          0        640       1753   debug_led.o
       804        134        168          0          0       5013   device.o
      6168        154          0          8          0      11106   finsh_compiler.o
        44         10        243         64          0       1793   finsh_error.o
       528         18          0          8        128       3519   finsh_heap.o
        88          6          0          0          0       1744   finsh_init.o
       388          4          0          0        320       3540   finsh_node.o
      2780         36        196          0          0       8972   finsh_ops.o
      2428         32          0          0          0       9893   finsh_parser.o
      1664         16        126          0          0       6344   finsh_token.o
       412         18          0          4        192       7589   finsh_var.o
       228         34          0         12        384       7230   finsh_vm.o
       308         74         22          4       1152       3027   idle.o
      5716        422        471          0          0      20263   ipc.o
        72          6          0          1          0       1474   irq.o
      2636        230        290         12        128      12056   kservice.o
      2164        560        358         32         32       9790   mem.o
       492         74          0          0          0       2121   misc.o
       732        150         94        164          0       5908   object.o
        26          0          0          0          0        460   platform.o
       408        118         80         24        640       3270   rosserial_bridge.o
       888        210          0        240       3124       9337   rs232.o
       736        150         78         28        256       4877   scheduler.o
      2180        314        211          0          0       7989   serial.o
      2532        276         96          4       2176       6183   shell.o
       204         98          0          0          0       1371   startup.o
        64         26        392          0       1536        912   startup_stm32f4xx.o
       788        156         74        113          0       5910   stm32f4_gpio_drv.o
       952        120         32         96          0       4990   stm32f4_timer_drv.o
      2326        132          0          0          0       5501   stm32f4xx_gpio.o
        16          0          0          0          0        832   stm32f4xx_it.o
      3452        262          0         16          0      13595   stm32f4xx_rcc.o
     12948        670          0          0          0      31296   stm32f4xx_tim.o
      3764        164          0          0          0      10176   stm32f4xx_usart.o
         0          0          0         16          0       4369   symbol.o
       528         46          0         20          0       2011   system_stm32f4xx.o
       844         58          0          0        640       5686   tb6612.o
      1436        210        170          0          0       7710   thread.o
      1116        100         92         16          0       7027   timer.o
       832        106         80         16        168      22611   usart.o

    ----------------------------------------------------------------------
     69404       6952       4568        928      11516     598980   Object Totals
         0          0         32          0          0          0   (incl. Generated)
         4          0          8          6          0          0   (incl. Padding)

    ----------------------------------------------------------------------

      Code (inc. data)   RO Data    RW Data    ZI Data      Debug   Library Member Name

        90          0          0          0          0          0   __dczerorl2.o
         8          0          0          0          0         68   __main.o
         0          0          0          0          0          0   __rtentry.o
        12          0          0          0          0          0   __rtentry2.o
         6          0          0          0          0          0   __rtentry4.o
        52          8          0          0          0          0   __scatter.o
        28          0          0          0          0          0   __scatter_zi.o
        28          0          0          0          0         68   _chval.o
       158          0          0          0          0         92   _strtoul.o
        26          0          0          0          0         80   atoi.o
        10          0          0          0          0         68   defsig_exit.o
        50          0          0          0          0         88   defsig_general.o
        80         58          0          0          0         76   defsig_rtmem_inner.o
        14          0          0          0          0         80   defsig_rtmem_outer.o
        18          0          0          0          0         80   exit.o
        94          0          0          0          0         80   h1_alloc.o
        52          0          0          0          0         68   h1_extend.o
        78          0          0          0          0         80   h1_free.o
        14          0          0          0          0         84   h1_init.o
         6          0          0          0          0        152   heapauxi.o
         4          0          0          0          0        136   hguard.o
         0          0          0          0          0          0   indicate_semi.o
       138          0          0          0          0        168   init_alloc.o
        44         10        272          0          0         76   lc_ctype_c.o
         2          0          0          0          0          0   libinit.o
        32          0          0          0          0          0   libinit2.o
         2          0          0          0          0          0   libshutdown.o
         2          0          0          0          0          0   libshutdown2.o
         8          4          0          0         96         68   libspace.o
         0          0          0          0          0          0   maybetermalloc1.o
        16          4          0          0          0         76   rt_ctype_table.o
         8          4          0          0          0         68   rt_errno_addr_intlibspace.o
         8          4          0          0          0         68   rt_heap_descriptor_intlibspace.o
         8          4          0          0          0         68   rt_locale_intlibspace.o
        68          0          0          0          0         68   rt_memclr.o
        78          0          0          0          0         80   rt_memclr_w.o
       138          0          0          0          0         68   rt_memcpy_v6.o
       100          0          0          0          0         80   rt_memcpy_w.o
         2          0          0          0          0          0   rtexit.o
        10          0          0          0          0          0   rtexit2.o
       128          0          0          0          0         68   strcmpv7m.o
        62          0          0          0          0         76   strlen.o
       150          0          0          0          0         80   strncmp.o
        86          0          0          0          0         76   strncpy.o
       112          0          0          0          0         88   strtol.o
        12          4          0          0          0         68   sys_exit.o
        74          0          0          0          0         80   sys_stackheap_outer.o
        14          0          0          0          0         76   sys_wrch.o
         2          0          0          0          0         68   use_no_semi.o
        10          0          0          0          0        116   fpinit.o

    ----------------------------------------------------------------------
      2152        100        272          0        100       2984   Library Totals
        10          0          0          0          4          0   (incl. Padding)

    ----------------------------------------------------------------------

      Code (inc. data)   RO Data    RW Data    ZI Data      Debug   Library Name

      2132        100        272          0         96       2868   c_w.l
        10          0          0          0          0        116   fz_wm.l

    ----------------------------------------------------------------------
      2152        100        272          0        100       2984   Library Totals

    ----------------------------------------------------------------------

==============================================================================


      Code (inc. data)   RO Data    RW Data    ZI Data      Debug   

     71556       7052       4840        928      11616     592200   Grand Totals
     71556       7052       4840        296      11616     592200   ELF Image Totals (compressed)
     71556       7052       4840        296          0          0   ROM Totals

==============================================================================

    Total RO  Size (Code + RO Data)                76396 (  74.61kB)
    Total RW  Size (RW Data + ZI Data)             12544 (  12.25kB)
    Total ROM Size (Code + RO Data + RW Data)      76692 (  74.89kB)

==============================================================================

